Archive member included to satisfy reference by file (symbol)

c:/program files (x86)/atmel/studio/7.0/toolchain/avr8/avr8-gnu-toolchain/bin/../lib/gcc/avr/5.4.0/avr25/tiny-stack\libgcc.a(_exit.o)
                              C:/Program Files (x86)/Atmel/Studio/7.0/Packs/atmel/ATtiny_DFP/1.3.229/gcc/dev/attiny2313a/avr25/tiny-stack/crtattiny2313a.o (exit)
c:/program files (x86)/atmel/studio/7.0/toolchain/avr8/avr8-gnu-toolchain/bin/../lib/gcc/avr/5.4.0/avr25/tiny-stack\libgcc.a(_clear_bss.o)
                              main.o (__do_clear_bss)

Allocating common symbols
Common symbol       size              file

TIME                0x4               main.o
DATE                0x8               main.o

Discarded input sections

 .data          0x00000000        0x0 C:/Program Files (x86)/Atmel/Studio/7.0/Packs/atmel/ATtiny_DFP/1.3.229/gcc/dev/attiny2313a/avr25/tiny-stack/crtattiny2313a.o
 .bss           0x00000000        0x0 C:/Program Files (x86)/Atmel/Studio/7.0/Packs/atmel/ATtiny_DFP/1.3.229/gcc/dev/attiny2313a/avr25/tiny-stack/crtattiny2313a.o
 .text          0x00000000        0x0 main.o
 .data          0x00000000        0x0 main.o
 .bss           0x00000000        0x0 main.o
 .text.inc_circle
                0x00000000       0x10 main.o
 .text.half_byteH
                0x00000000        0x6 main.o
 .text.half_byteL
                0x00000000        0x4 main.o
 .avr.prop      0x00000000       0x16 main.o
 .text          0x00000000        0x0 c:/program files (x86)/atmel/studio/7.0/toolchain/avr8/avr8-gnu-toolchain/bin/../lib/gcc/avr/5.4.0/avr25/tiny-stack\libgcc.a(_exit.o)
 .data          0x00000000        0x0 c:/program files (x86)/atmel/studio/7.0/toolchain/avr8/avr8-gnu-toolchain/bin/../lib/gcc/avr/5.4.0/avr25/tiny-stack\libgcc.a(_exit.o)
 .bss           0x00000000        0x0 c:/program files (x86)/atmel/studio/7.0/toolchain/avr8/avr8-gnu-toolchain/bin/../lib/gcc/avr/5.4.0/avr25/tiny-stack\libgcc.a(_exit.o)
 .text.libgcc.mul
                0x00000000        0x0 c:/program files (x86)/atmel/studio/7.0/toolchain/avr8/avr8-gnu-toolchain/bin/../lib/gcc/avr/5.4.0/avr25/tiny-stack\libgcc.a(_exit.o)
 .text.libgcc.div
                0x00000000        0x0 c:/program files (x86)/atmel/studio/7.0/toolchain/avr8/avr8-gnu-toolchain/bin/../lib/gcc/avr/5.4.0/avr25/tiny-stack\libgcc.a(_exit.o)
 .text.libgcc   0x00000000        0x0 c:/program files (x86)/atmel/studio/7.0/toolchain/avr8/avr8-gnu-toolchain/bin/../lib/gcc/avr/5.4.0/avr25/tiny-stack\libgcc.a(_exit.o)
 .text.libgcc.prologue
                0x00000000        0x0 c:/program files (x86)/atmel/studio/7.0/toolchain/avr8/avr8-gnu-toolchain/bin/../lib/gcc/avr/5.4.0/avr25/tiny-stack\libgcc.a(_exit.o)
 .text.libgcc.builtins
                0x00000000        0x0 c:/program files (x86)/atmel/studio/7.0/toolchain/avr8/avr8-gnu-toolchain/bin/../lib/gcc/avr/5.4.0/avr25/tiny-stack\libgcc.a(_exit.o)
 .text.libgcc.fmul
                0x00000000        0x0 c:/program files (x86)/atmel/studio/7.0/toolchain/avr8/avr8-gnu-toolchain/bin/../lib/gcc/avr/5.4.0/avr25/tiny-stack\libgcc.a(_exit.o)
 .text.libgcc.fixed
                0x00000000        0x0 c:/program files (x86)/atmel/studio/7.0/toolchain/avr8/avr8-gnu-toolchain/bin/../lib/gcc/avr/5.4.0/avr25/tiny-stack\libgcc.a(_exit.o)
 .text          0x00000000        0x0 c:/program files (x86)/atmel/studio/7.0/toolchain/avr8/avr8-gnu-toolchain/bin/../lib/gcc/avr/5.4.0/avr25/tiny-stack\libgcc.a(_clear_bss.o)
 .data          0x00000000        0x0 c:/program files (x86)/atmel/studio/7.0/toolchain/avr8/avr8-gnu-toolchain/bin/../lib/gcc/avr/5.4.0/avr25/tiny-stack\libgcc.a(_clear_bss.o)
 .bss           0x00000000        0x0 c:/program files (x86)/atmel/studio/7.0/toolchain/avr8/avr8-gnu-toolchain/bin/../lib/gcc/avr/5.4.0/avr25/tiny-stack\libgcc.a(_clear_bss.o)
 .text.libgcc.mul
                0x00000000        0x0 c:/program files (x86)/atmel/studio/7.0/toolchain/avr8/avr8-gnu-toolchain/bin/../lib/gcc/avr/5.4.0/avr25/tiny-stack\libgcc.a(_clear_bss.o)
 .text.libgcc.div
                0x00000000        0x0 c:/program files (x86)/atmel/studio/7.0/toolchain/avr8/avr8-gnu-toolchain/bin/../lib/gcc/avr/5.4.0/avr25/tiny-stack\libgcc.a(_clear_bss.o)
 .text.libgcc   0x00000000        0x0 c:/program files (x86)/atmel/studio/7.0/toolchain/avr8/avr8-gnu-toolchain/bin/../lib/gcc/avr/5.4.0/avr25/tiny-stack\libgcc.a(_clear_bss.o)
 .text.libgcc.prologue
                0x00000000        0x0 c:/program files (x86)/atmel/studio/7.0/toolchain/avr8/avr8-gnu-toolchain/bin/../lib/gcc/avr/5.4.0/avr25/tiny-stack\libgcc.a(_clear_bss.o)
 .text.libgcc.builtins
                0x00000000        0x0 c:/program files (x86)/atmel/studio/7.0/toolchain/avr8/avr8-gnu-toolchain/bin/../lib/gcc/avr/5.4.0/avr25/tiny-stack\libgcc.a(_clear_bss.o)
 .text.libgcc.fmul
                0x00000000        0x0 c:/program files (x86)/atmel/studio/7.0/toolchain/avr8/avr8-gnu-toolchain/bin/../lib/gcc/avr/5.4.0/avr25/tiny-stack\libgcc.a(_clear_bss.o)
 .text.libgcc.fixed
                0x00000000        0x0 c:/program files (x86)/atmel/studio/7.0/toolchain/avr8/avr8-gnu-toolchain/bin/../lib/gcc/avr/5.4.0/avr25/tiny-stack\libgcc.a(_clear_bss.o)

Memory Configuration

Name             Origin             Length             Attributes
text             0x00000000         0x00002000         xr
data             0x00800060         0x0000ffa0         rw !x
eeprom           0x00810000         0x00010000         rw !x
fuse             0x00820000         0x00000003         rw !x
lock             0x00830000         0x00000400         rw !x
signature        0x00840000         0x00000400         rw !x
user_signatures  0x00850000         0x00000400         rw !x
*default*        0x00000000         0xffffffff

Linker script and memory map

LOAD C:/Program Files (x86)/Atmel/Studio/7.0/Packs/atmel/ATtiny_DFP/1.3.229/gcc/dev/attiny2313a/avr25/tiny-stack/crtattiny2313a.o
LOAD main.o
START GROUP
LOAD c:/program files (x86)/atmel/studio/7.0/toolchain/avr8/avr8-gnu-toolchain/bin/../lib/gcc/avr/5.4.0/../../../../avr/lib/avr25/tiny-stack\libm.a
END GROUP
START GROUP
LOAD c:/program files (x86)/atmel/studio/7.0/toolchain/avr8/avr8-gnu-toolchain/bin/../lib/gcc/avr/5.4.0/avr25/tiny-stack\libgcc.a
LOAD c:/program files (x86)/atmel/studio/7.0/toolchain/avr8/avr8-gnu-toolchain/bin/../lib/gcc/avr/5.4.0/../../../../avr/lib/avr25/tiny-stack\libm.a
LOAD c:/program files (x86)/atmel/studio/7.0/toolchain/avr8/avr8-gnu-toolchain/bin/../lib/gcc/avr/5.4.0/../../../../avr/lib/avr25/tiny-stack\libc.a
LOAD C:/Program Files (x86)/Atmel/Studio/7.0/Packs/atmel/ATtiny_DFP/1.3.229/gcc/dev/attiny2313a/avr25/tiny-stack\libattiny2313a.a
END GROUP
                0x00000000                __TEXT_REGION_ORIGIN__ = DEFINED (__TEXT_REGION_ORIGIN__)?__TEXT_REGION_ORIGIN__:0x0
                0x00800060                __DATA_REGION_ORIGIN__ = DEFINED (__DATA_REGION_ORIGIN__)?__DATA_REGION_ORIGIN__:0x800060
                0x00002000                __TEXT_REGION_LENGTH__ = DEFINED (__TEXT_REGION_LENGTH__)?__TEXT_REGION_LENGTH__:0x2000
                0x0000ffa0                __DATA_REGION_LENGTH__ = DEFINED (__DATA_REGION_LENGTH__)?__DATA_REGION_LENGTH__:0xffa0
                0x00010000                __EEPROM_REGION_LENGTH__ = DEFINED (__EEPROM_REGION_LENGTH__)?__EEPROM_REGION_LENGTH__:0x10000
                [0x00000003]                __FUSE_REGION_LENGTH__ = DEFINED (__FUSE_REGION_LENGTH__)?__FUSE_REGION_LENGTH__:0x400
                0x00000400                __LOCK_REGION_LENGTH__ = DEFINED (__LOCK_REGION_LENGTH__)?__LOCK_REGION_LENGTH__:0x400
                0x00000400                __SIGNATURE_REGION_LENGTH__ = DEFINED (__SIGNATURE_REGION_LENGTH__)?__SIGNATURE_REGION_LENGTH__:0x400
                0x00000400                __USER_SIGNATURE_REGION_LENGTH__ = DEFINED (__USER_SIGNATURE_REGION_LENGTH__)?__USER_SIGNATURE_REGION_LENGTH__:0x400

.hash
 *(.hash)

.dynsym
 *(.dynsym)

.dynstr
 *(.dynstr)

.gnu.version
 *(.gnu.version)

.gnu.version_d
 *(.gnu.version_d)

.gnu.version_r
 *(.gnu.version_r)

.rel.init
 *(.rel.init)

.rela.init
 *(.rela.init)

.rel.text
 *(.rel.text)
 *(.rel.text.*)
 *(.rel.gnu.linkonce.t*)

.rela.text
 *(.rela.text)
 *(.rela.text.*)
 *(.rela.gnu.linkonce.t*)

.rel.fini
 *(.rel.fini)

.rela.fini
 *(.rela.fini)

.rel.rodata
 *(.rel.rodata)
 *(.rel.rodata.*)
 *(.rel.gnu.linkonce.r*)

.rela.rodata
 *(.rela.rodata)
 *(.rela.rodata.*)
 *(.rela.gnu.linkonce.r*)

.rel.data
 *(.rel.data)
 *(.rel.data.*)
 *(.rel.gnu.linkonce.d*)

.rela.data
 *(.rela.data)
 *(.rela.data.*)
 *(.rela.gnu.linkonce.d*)

.rel.ctors
 *(.rel.ctors)

.rela.ctors
 *(.rela.ctors)

.rel.dtors
 *(.rel.dtors)

.rela.dtors
 *(.rela.dtors)

.rel.got
 *(.rel.got)

.rela.got
 *(.rela.got)

.rel.bss
 *(.rel.bss)

.rela.bss
 *(.rela.bss)

.rel.plt
 *(.rel.plt)

.rela.plt
 *(.rela.plt)

.text           0x00000000      0x620
 *(.vectors)
 .vectors       0x00000000       0x2a C:/Program Files (x86)/Atmel/Studio/7.0/Packs/atmel/ATtiny_DFP/1.3.229/gcc/dev/attiny2313a/avr25/tiny-stack/crtattiny2313a.o
                0x00000000                __vector_default
                0x00000000                __vectors
 *(.vectors)
 *(.progmem.gcc*)
 .progmem.gcc_sw_table.bin_to_tm1637_digit
                0x0000002a       0x14 main.o
                0x0000003e                . = ALIGN (0x2)
                0x0000003e                __trampolines_start = .
 *(.trampolines)
 .trampolines   0x0000003e        0x0 linker stubs
 *(.trampolines*)
                0x0000003e                __trampolines_end = .
 *libprintf_flt.a:*(.progmem.data)
 *libc.a:*(.progmem.data)
 *(.progmem*)
                0x0000003e                . = ALIGN (0x2)
 *(.jumptables)
 *(.jumptables*)
 *(.lowtext)
 *(.lowtext*)
                0x0000003e                __ctors_start = .
 *(.ctors)
                0x0000003e                __ctors_end = .
                0x0000003e                __dtors_start = .
 *(.dtors)
                0x0000003e                __dtors_end = .
 SORT(*)(.ctors)
 SORT(*)(.dtors)
 *(.init0)
 .init0         0x0000003e        0x0 C:/Program Files (x86)/Atmel/Studio/7.0/Packs/atmel/ATtiny_DFP/1.3.229/gcc/dev/attiny2313a/avr25/tiny-stack/crtattiny2313a.o
                0x0000003e                __init
 *(.init0)
 *(.init1)
 *(.init1)
 *(.init2)
 .init2         0x0000003e        0x8 C:/Program Files (x86)/Atmel/Studio/7.0/Packs/atmel/ATtiny_DFP/1.3.229/gcc/dev/attiny2313a/avr25/tiny-stack/crtattiny2313a.o
 *(.init2)
 *(.init3)
 *(.init3)
 *(.init4)
 .init4         0x00000046       0x10 c:/program files (x86)/atmel/studio/7.0/toolchain/avr8/avr8-gnu-toolchain/bin/../lib/gcc/avr/5.4.0/avr25/tiny-stack\libgcc.a(_clear_bss.o)
                0x00000046                __do_clear_bss
 *(.init4)
 *(.init5)
 *(.init5)
 *(.init6)
 *(.init6)
 *(.init7)
 *(.init7)
 *(.init8)
 *(.init8)
 *(.init9)
 .init9         0x00000056        0x4 C:/Program Files (x86)/Atmel/Studio/7.0/Packs/atmel/ATtiny_DFP/1.3.229/gcc/dev/attiny2313a/avr25/tiny-stack/crtattiny2313a.o
 *(.init9)
 *(.text)
 .text          0x0000005a        0x2 C:/Program Files (x86)/Atmel/Studio/7.0/Packs/atmel/ATtiny_DFP/1.3.229/gcc/dev/attiny2313a/avr25/tiny-stack/crtattiny2313a.o
                0x0000005a                __vector_12
                0x0000005a                __bad_interrupt
                0x0000005a                __vector_6
                0x0000005a                __vector_3
                0x0000005a                __vector_11
                0x0000005a                __vector_13
                0x0000005a                __vector_17
                0x0000005a                __vector_19
                0x0000005a                __vector_7
                0x0000005a                __vector_5
                0x0000005a                __vector_9
                0x0000005a                __vector_15
                0x0000005a                __vector_8
                0x0000005a                __vector_14
                0x0000005a                __vector_10
                0x0000005a                __vector_16
                0x0000005a                __vector_18
                0x0000005a                __vector_20
                0x0000005c                . = ALIGN (0x2)
 *(.text.*)
 .text.bin8bcd  0x0000005c       0x30 main.o
                0x0000005c                bin8bcd
 .text.bcd8bin  0x0000008c       0x2e main.o
                0x0000008c                bcd8bin
 .text.bin_to_tm1637_digit
                0x000000ba       0x3c main.o
                0x000000ba                bin_to_tm1637_digit
 .text.conv_ds1302_to_tm1637
                0x000000f6       0x22 main.o
                0x000000f6                conv_ds1302_to_tm1637
 .text.DS1302_send_start
                0x00000118        0x6 main.o
                0x00000118                DS1302_send_start
 .text.DS1302_send_stop
                0x0000011e        0xe main.o
                0x0000011e                DS1302_send_stop
 .text.DS1302_send_byte
                0x0000012c       0x20 main.o
                0x0000012c                DS1302_send_byte
 .text.DS1302_transmit_byte
                0x0000014c       0x22 main.o
                0x0000014c                DS1302_transmit_byte
 .text.DS1302_clock_on
                0x0000016e        0xe main.o
                0x0000016e                DS1302_clock_on
 .text.DS1302_clock_off
                0x0000017c        0xe main.o
                0x0000017c                DS1302_clock_off
 .text.DS1302_set_data_byte
                0x0000018a       0x1a main.o
                0x0000018a                DS1302_set_data_byte
 .text.DS1302_set_hours
                0x000001a4        0x8 main.o
                0x000001a4                DS1302_set_hours
 .text.DS1302_set_minutes
                0x000001ac        0x8 main.o
                0x000001ac                DS1302_set_minutes
 .text.DS1302_set_day
                0x000001b4        0x8 main.o
                0x000001b4                DS1302_set_day
 .text.DS1302_set_month
                0x000001bc        0x8 main.o
                0x000001bc                DS1302_set_month
 .text.DS1302_set_year
                0x000001c4        0x8 main.o
                0x000001c4                DS1302_set_year
 .text.DS1302_get_answer_byte
                0x000001cc       0x16 main.o
                0x000001cc                DS1302_get_answer_byte
 .text.DS1302_get_hours
                0x000001e2        0x6 main.o
                0x000001e2                DS1302_get_hours
 .text.DS1302_get_minutes
                0x000001e8        0x6 main.o
                0x000001e8                DS1302_get_minutes
 .text.DS1302_get_day
                0x000001ee        0x6 main.o
                0x000001ee                DS1302_get_day
 .text.DS1302_get_month
                0x000001f4        0x6 main.o
                0x000001f4                DS1302_get_month
 .text.DS1302_get_year
                0x000001fa        0x6 main.o
                0x000001fa                DS1302_get_year
 .text.TM1637_send_start
                0x00000200        0xa main.o
                0x00000200                TM1637_send_start
 .text.TM1637_send_stop
                0x0000020a        0x8 main.o
                0x0000020a                TM1637_send_stop
 .text.TM1637_send_byte
                0x00000212       0x3a main.o
                0x00000212                TM1637_send_byte
 .text.TM1637_display
                0x0000024c       0x42 main.o
                0x0000024c                TM1637_display
 .text.TM1637_display_dash
                0x0000028e        0xc main.o
                0x0000028e                TM1637_display_dash
 .text.__vector_1
                0x0000029a       0x64 main.o
                0x0000029a                __vector_1
 .text.main     0x000002fe       0x7e main.o
                0x000002fe                main
 .text.read_package_data_from_ds1302
                0x0000037c       0x2a main.o
                0x0000037c                read_package_data_from_ds1302
 .text.display_clock_mode
                0x000003a6       0x6a main.o
                0x000003a6                display_clock_mode
 .text.__vector_2
                0x00000410       0xfc main.o
                0x00000410                __vector_2
 .text.display_mode
                0x0000050c       0x3e main.o
                0x0000050c                display_mode
 .text.__vector_4
                0x0000054a       0xd2 main.o
                0x0000054a                __vector_4
                0x0000061c                . = ALIGN (0x2)
 *(.fini9)
 .fini9         0x0000061c        0x0 c:/program files (x86)/atmel/studio/7.0/toolchain/avr8/avr8-gnu-toolchain/bin/../lib/gcc/avr/5.4.0/avr25/tiny-stack\libgcc.a(_exit.o)
                0x0000061c                _exit
                0x0000061c                exit
 *(.fini9)
 *(.fini8)
 *(.fini8)
 *(.fini7)
 *(.fini7)
 *(.fini6)
 *(.fini6)
 *(.fini5)
 *(.fini5)
 *(.fini4)
 *(.fini4)
 *(.fini3)
 *(.fini3)
 *(.fini2)
 *(.fini2)
 *(.fini1)
 *(.fini1)
 *(.fini0)
 .fini0         0x0000061c        0x4 c:/program files (x86)/atmel/studio/7.0/toolchain/avr8/avr8-gnu-toolchain/bin/../lib/gcc/avr/5.4.0/avr25/tiny-stack\libgcc.a(_exit.o)
 *(.fini0)
                0x00000620                _etext = .

.data           0x00800060        0x0 load address 0x00000620
                [!provide]                PROVIDE (__data_start, .)
 *(.data)
 *(.data*)
 *(.gnu.linkonce.d*)
 *(.rodata)
 *(.rodata*)
 *(.gnu.linkonce.r*)
                0x00800060                . = ALIGN (0x2)
                0x00800060                _edata = .
                [!provide]                PROVIDE (__data_end, .)

.bss            0x00800060       0x10
                0x00800060                PROVIDE (__bss_start, .)
 *(.bss)
 *(.bss*)
 .bss.mode      0x00800060        0x1 main.o
                0x00800060                mode
 .bss.clock_mode
                0x00800061        0x1 main.o
                0x00800061                clock_mode
 .bss.blink     0x00800062        0x1 main.o
                0x00800062                blink
 .bss.double_point
                0x00800063        0x1 main.o
                0x00800063                double_point
 *(COMMON)
 COMMON         0x00800064        0xc main.o
                0x00800064                TIME
                0x00800068                DATE
                0x00800070                PROVIDE (__bss_end, .)
                0x00000620                __data_load_start = LOADADDR (.data)
                0x00000620                __data_load_end = (__data_load_start + SIZEOF (.data))

.noinit         0x00800070        0x0
                [!provide]                PROVIDE (__noinit_start, .)
 *(.noinit*)
                [!provide]                PROVIDE (__noinit_end, .)
                0x00800070                _end = .
                [!provide]                PROVIDE (__heap_start, .)

.eeprom         0x00810000        0x0
 *(.eeprom*)
                0x00810000                __eeprom_end = .

.fuse
 *(.fuse)
 *(.lfuse)
 *(.hfuse)
 *(.efuse)

.lock
 *(.lock*)

.signature
 *(.signature*)

.user_signatures
 *(.user_signatures*)

.stab
 *(.stab)

.stabstr
 *(.stabstr)

.stab.excl
 *(.stab.excl)

.stab.exclstr
 *(.stab.exclstr)

.stab.index
 *(.stab.index)

.stab.indexstr
 *(.stab.indexstr)

.comment        0x00000000       0x30
 *(.comment)
 .comment       0x00000000       0x30 main.o
                                 0x31 (size before relaxing)

.note.gnu.avr.deviceinfo
                0x00000000       0x40
 .note.gnu.avr.deviceinfo
                0x00000000       0x40 C:/Program Files (x86)/Atmel/Studio/7.0/Packs/atmel/ATtiny_DFP/1.3.229/gcc/dev/attiny2313a/avr25/tiny-stack/crtattiny2313a.o

.note.gnu.build-id
 *(.note.gnu.build-id)

.debug
 *(.debug)

.line
 *(.line)

.debug_srcinfo
 *(.debug_srcinfo)

.debug_sfnames
 *(.debug_sfnames)

.debug_aranges  0x00000000      0x140
 *(.debug_aranges)
 .debug_aranges
                0x00000000      0x140 main.o

.debug_pubnames
 *(.debug_pubnames)

.debug_info     0x00000000     0x14b7
 *(.debug_info .gnu.linkonce.wi.*)
 .debug_info    0x00000000      0x456 C:/Program Files (x86)/Atmel/Studio/7.0/Packs/atmel/ATtiny_DFP/1.3.229/gcc/dev/attiny2313a/avr25/tiny-stack/crtattiny2313a.o
 .debug_info    0x00000456     0x1061 main.o

.debug_abbrev   0x00000000      0x678
 *(.debug_abbrev)
 .debug_abbrev  0x00000000      0x41b C:/Program Files (x86)/Atmel/Studio/7.0/Packs/atmel/ATtiny_DFP/1.3.229/gcc/dev/attiny2313a/avr25/tiny-stack/crtattiny2313a.o
 .debug_abbrev  0x0000041b      0x25d main.o

.debug_line     0x00000000      0xb51
 *(.debug_line .debug_line.* .debug_line_end)
 .debug_line    0x00000000      0x10c C:/Program Files (x86)/Atmel/Studio/7.0/Packs/atmel/ATtiny_DFP/1.3.229/gcc/dev/attiny2313a/avr25/tiny-stack/crtattiny2313a.o
 .debug_line    0x0000010c      0xa45 main.o

.debug_frame    0x00000000      0x380
 *(.debug_frame)
 .debug_frame   0x00000000      0x380 main.o

.debug_str      0x00000000      0x5dc
 *(.debug_str)
 .debug_str     0x00000000      0x17b C:/Program Files (x86)/Atmel/Studio/7.0/Packs/atmel/ATtiny_DFP/1.3.229/gcc/dev/attiny2313a/avr25/tiny-stack/crtattiny2313a.o
 .debug_str     0x0000017b      0x461 main.o
                                0x4e8 (size before relaxing)

.debug_loc      0x00000000      0xf02
 *(.debug_loc)
 .debug_loc     0x00000000      0xf02 main.o

.debug_macinfo
 *(.debug_macinfo)

.debug_weaknames
 *(.debug_weaknames)

.debug_funcnames
 *(.debug_funcnames)

.debug_typenames
 *(.debug_typenames)

.debug_varnames
 *(.debug_varnames)

.debug_pubtypes
 *(.debug_pubtypes)

.debug_ranges   0x00000000      0x130
 *(.debug_ranges)
 .debug_ranges  0x00000000      0x130 main.o

.debug_macro
 *(.debug_macro)
OUTPUT(GccApplication2.elf elf32-avr)
LOAD linker stubs
